// Jest Snapshot v1, https://goo.gl/fbAQLP

exports[`LogStreamEventTrigger default Testing Should match snapshot 1`] = `
{
  "Parameters": {
    "BootstrapVersion": {
      "Default": "/cdk-bootstrap/hnb659fds/version",
      "Description": "Version of the CDK Bootstrap resources in this environment, automatically retrieved from SSM Parameter Store. [cdk:skip]",
      "Type": "AWS::SSM::Parameter::Value<String>",
    },
  },
  "Resources": {
    "LogStreamEventTriggerParserFunction924F8116": {
      "DependsOn": [
        "LogStreamEventTriggerParserFunctionRoleDefaultPolicy79BB7F36",
        "LogStreamEventTriggerParserFunctionRole03C40C6D",
      ],
      "Properties": {
        "Architectures": [
          "arm64",
        ],
        "Code": {
          "S3Bucket": {
            "Fn::Sub": "cdk-hnb659fds-assets-\${AWS::AccountId}-\${AWS::Region}",
          },
          "S3Key": "HASH.zip",
        },
        "Description": "src/funcs/parser.lambda.ts",
        "Environment": {
          "Variables": {
            "AWS_NODEJS_CONNECTION_REUSE_ENABLED": "1",
          },
        },
        "Handler": "index.handler",
        "LoggingConfig": {
          "ApplicationLogLevel": "INFO",
          "LogFormat": "JSON",
          "LogGroup": {
            "Ref": "LogStreamEventTriggerParserFunctionLogGroupCE8F34C7",
          },
          "SystemLogLevel": "INFO",
        },
        "Role": {
          "Fn::GetAtt": [
            "LogStreamEventTriggerParserFunctionRole03C40C6D",
            "Arn",
          ],
        },
        "Runtime": "nodejs22.x",
        "Timeout": 10,
      },
      "Type": "AWS::Lambda::Function",
    },
    "LogStreamEventTriggerParserFunctionEventInvokeConfig5B81DAB6": {
      "Properties": {
        "DestinationConfig": {
          "OnSuccess": {
            "Destination": {
              "Fn::Join": [
                "",
                [
                  "arn:",
                  {
                    "Ref": "AWS::Partition",
                  },
                  ":events:",
                  {
                    "Ref": "AWS::Region",
                  },
                  ":",
                  {
                    "Ref": "AWS::AccountId",
                  },
                  ":event-bus/default",
                ],
              ],
            },
          },
        },
        "FunctionName": {
          "Ref": "LogStreamEventTriggerParserFunction924F8116",
        },
        "Qualifier": "$LATEST",
      },
      "Type": "AWS::Lambda::EventInvokeConfig",
    },
    "LogStreamEventTriggerParserFunctionLogGroupCE8F34C7": {
      "DeletionPolicy": "RetainExceptOnCreate",
      "Properties": {
        "RetentionInDays": 90,
      },
      "Type": "AWS::Logs::LogGroup",
      "UpdateReplacePolicy": "Retain",
    },
    "LogStreamEventTriggerParserFunctionRole03C40C6D": {
      "Properties": {
        "AssumeRolePolicyDocument": {
          "Statement": [
            {
              "Action": "sts:AssumeRole",
              "Effect": "Allow",
              "Principal": {
                "Service": "lambda.amazonaws.com",
              },
            },
          ],
          "Version": "2012-10-17",
        },
        "ManagedPolicyArns": [
          {
            "Fn::Join": [
              "",
              [
                "arn:",
                {
                  "Ref": "AWS::Partition",
                },
                ":iam::aws:policy/service-role/AWSLambdaBasicExecutionRole",
              ],
            ],
          },
        ],
        "Policies": [
          {
            "PolicyDocument": {
              "Statement": [
                {
                  "Action": "events:PutEvents",
                  "Effect": "Allow",
                  "Resource": {
                    "Fn::Join": [
                      "",
                      [
                        "arn:",
                        {
                          "Ref": "AWS::Partition",
                        },
                        ":events:",
                        {
                          "Ref": "AWS::Region",
                        },
                        ":",
                        {
                          "Ref": "AWS::AccountId",
                        },
                        ":event-bus/default",
                      ],
                    ],
                  },
                },
              ],
              "Version": "2012-10-17",
            },
            "PolicyName": "put-events-policy",
          },
        ],
      },
      "Type": "AWS::IAM::Role",
    },
    "LogStreamEventTriggerParserFunctionRoleDefaultPolicy79BB7F36": {
      "Properties": {
        "PolicyDocument": {
          "Statement": [
            {
              "Action": "events:PutEvents",
              "Effect": "Allow",
              "Resource": {
                "Fn::Join": [
                  "",
                  [
                    "arn:",
                    {
                      "Ref": "AWS::Partition",
                    },
                    ":events:",
                    {
                      "Ref": "AWS::Region",
                    },
                    ":",
                    {
                      "Ref": "AWS::AccountId",
                    },
                    ":event-bus/default",
                  ],
                ],
              },
            },
          ],
          "Version": "2012-10-17",
        },
        "PolicyName": "LogStreamEventTriggerParserFunctionRoleDefaultPolicy79BB7F36",
        "Roles": [
          {
            "Ref": "LogStreamEventTriggerParserFunctionRole03C40C6D",
          },
        ],
      },
      "Type": "AWS::IAM::Policy",
    },
  },
  "Rules": {
    "CheckBootstrapVersion": {
      "Assertions": [
        {
          "Assert": {
            "Fn::Not": [
              {
                "Fn::Contains": [
                  [
                    "1",
                    "2",
                    "3",
                    "4",
                    "5",
                  ],
                  {
                    "Ref": "BootstrapVersion",
                  },
                ],
              },
            ],
          },
          "AssertDescription": "CDK bootstrap stack version 6 required. Please run 'cdk bootstrap' with a recent version of the CDK CLI.",
        },
      ],
    },
  },
}
`;
